// Jest Snapshot v1, https://goo.gl/fbAQLP

exports[`matches snapshot 1`] = `
<DocumentFragment>
  <div
    class="flex flex-col gap-[2.125rem] sm:gap-10"
  >
    <h2
      class=""
    >
      Snapshot Title
    </h2>
    <p
      class=""
    >
      Snapshot Description
    </p>
  </div>
</DocumentFragment>
`;
