// Jest Snapshot v1, https://goo.gl/fbAQLP

exports[`CardListingComponent matches snapshot 1`] = `
<DocumentFragment>
  <div
    class="flex flex-col"
  >
    <h2
      class="pb-16 pt-8 text-center text-2xl font-bold"
    >
      Our Plumbing Services
    </h2>
    <div
      class="flex flex-wrap justify-start"
    >
      <div
        class="box-border w-full p-2 sm:w-1/2 lg:w-1/3"
      >
        <div
          style="border-color: #d9d9d9; border-width: 1px; border-radius: 8px; border-style: solid;"
        >
          <h3
            class="flex justify-center rounded-t-lg px-6 pb-2 pt-6 text-xl font-bold"
            style="background-color: rgb(245, 246, 246);"
          >
            Water Heaters
          </h3>
          <div
            class="px-6 pb-12 pt-4"
          >
            <div>
              Keep your hot water flowing with our expert repair, proactive maintenance, and full installation services.
            </div>
          </div>
        </div>
      </div>
      <div
        class="box-border w-full p-2 sm:w-1/2 lg:w-1/3"
      >
        <div
          style="border-color: #d9d9d9; border-width: 1px; border-radius: 8px; border-style: solid;"
        >
          <h3
            class="flex justify-center rounded-t-lg px-6 pb-2 pt-6 text-xl font-bold"
            style="background-color: rgb(245, 246, 246);"
          >
            Kitchen & Bathroom
          </h3>
          <div
            class="px-6 pb-12 pt-4"
          >
            <div>
              Our expertise in repairing and installing kitchen and bathroom fixtures ensures these workhorses will have your back for years to come.
            </div>
          </div>
        </div>
      </div>
    </div>
  </div>
</DocumentFragment>
`;
