// Jest Snapshot v1, https://goo.gl/fbAQLP

exports[`BreadCrumb Component matches the snapshot 1`] = `
<DocumentFragment>
  <div
    class="flex items-center text-gray-600 text-sm"
  >
    <div
      class="flex flex-row items-center"
    >
      <a
        class="no-underline cursor-pointer"
        href="/"
      >
        Home
      </a>
      <div
        class="mx-2 text-gray-800"
      >
        &gt;
      </div>
    </div>
    <div
      class="flex flex-row items-center"
    >
      <a
        class="no-underline cursor-pointer"
        href="/services"
      >
        Services
      </a>
      <div
        class="mx-2 text-gray-800"
      >
        &gt;
      </div>
    </div>
    <div
      class="flex flex-row items-center"
    >
      <div
        class="font-bold text-gray-800"
      >
        Plumbing
      </div>
    </div>
  </div>
</DocumentFragment>
`;
